// Jest Snapshot v1, https://goo.gl/fbAQLP

exports[`Expect 1`] = `
<Hoc
  destroyOnUnmount={true}
  enableReinitialize={false}
  forceUnregisterOnUnmount={false}
  form="LoginForm"
  forwardedRef={null}
  getFormState={[Function]}
  handleSubmit={[MockFunction]}
  keepDirtyOnReinitialize={false}
  persistentSubmitErrors={false}
  pure={true}
  shouldAsyncValidate={[Function]}
  shouldError={[Function]}
  shouldValidate={[Function]}
  shouldWarn={[Function]}
  submitAsSideEffect={false}
  touchOnBlur={true}
  touchOnChange={false}
  updateUnregisteredFields={false}
/>
`;
